// Jest Snapshot v1, https://goo.gl/fbAQLP

exports[`MyComponent should render my component 1`] = `
Array [
  <div>
    <Homepage />
  </div>,
]
`;

exports[`MyComponent should render the App component 1`] = `
Array [
  <div>
    <Homepage />
  </div>,
]
`;
